// Jest Snapshot v1, https://goo.gl/fbAQLP

exports[`<ExpenseListItem /> Should render ExpenseListItem correctly 1`] = `
<div>
  <Link
    to="/edit/2"
  >
    <h3>
      Rent
    </h3>
  </Link>
  <p>
    Amount: 
    2000
     - CreatedAt: 
    -345600000
  </p>
</div>
`;
