// Jest Snapshot v1, https://goo.gl/fbAQLP

exports[`<Header /> Should render Header correctly 1`] = `
<header>
  <h1>
    Budget
  </h1>
  <NavLink
    activeClassName="is-active"
    to="/dashboard"
  >
    Dashboard
  </NavLink>
  <NavLink
    activeClassName="is-active"
    to="/create"
  >
    Create Page
  </NavLink>
  <button
    onClick={[Function]}
  >
    Logout
  </button>
</header>
`;
